[www.bigd-online.com/JG/JGFrame.html]
[backblue.gif]
[fade.gif]
[index.html]
[www.bigd-online.com/JG/Menu/JGMenu.html]
[www.bigd-online.com/JG/JGFrame.html]
[www.bigd-online.com/JG/Body/JGStart.html]
[www.bigd-online.com/JG/Body/JG1.html]
[www.bigd-online.com/JG/Body/JG1-1.html]
[www.bigd-online.com/JG/Body/JG1-2.html]
[www.bigd-online.com/JG/Body/JG1-3.html]
[www.bigd-online.com/JG/Body/JG1-4.html]
[www.bigd-online.com/JG/Body/JG1-5.html]
[www.bigd-online.com/JG/Body/JG1-6.html]
[www.bigd-online.com/JG/Body/JG2.html]
[www.bigd-online.com/JG/Body/JG2-1.html]
[www.bigd-online.com/JG/Body/JG2-2.html]
[www.bigd-online.com/JG/Body/JG2-3.html]
[www.bigd-online.com/JG/Body/JG2-4.html]
[www.bigd-online.com/JG/Body/JG2-5.html]
[www.bigd-online.com/JG/Body/JG2-6.html]
[www.bigd-online.com/JG/Body/JG2-7.html]
[www.bigd-online.com/JG/Body/JG2-8.html]
[www.bigd-online.com/JG/Body/JG3.html]
[www.bigd-online.com/JG/Body/JG3-1.html]
[www.bigd-online.com/JG/Body/JG3-2.html]
[www.bigd-online.com/JG/Body/JG3-3.html]
[www.bigd-online.com/JG/Body/JG3-4.html]
[www.bigd-online.com/JG/Body/JG3-5.html]
[www.bigd-online.com/JG/Body/JG3-6.html]
[www.bigd-online.com/JG/Body/JG3-7.html]
[www.bigd-online.com/JG/Body/JG3-8.html]
[www.bigd-online.com/JG/Body/JG3-9.html]
[www.bigd-online.com/JG/Body/JG3-10.html]
[www.bigd-online.com/JG/Body/JG3-11.html]
[www.bigd-online.com/JG/Body/JG3-12.html]
[www.bigd-online.com/JG/Body/JG3-13.html]
[www.bigd-online.com/JG/Body/JG4.html]
[www.bigd-online.com/JG/Body/JG4-1.html]
[www.bigd-online.com/JG/Body/JG4-2.html]
[www.bigd-online.com/JG/Body/JG4-3.html]
[www.bigd-online.com/JG/Body/JG5.html]
[www.bigd-online.com/JG/Body/JG5-1.html]
[www.bigd-online.com/JG/Body/JG5-2.html]
[www.bigd-online.com/JG/Body/JG5-3.html]
[www.bigd-online.com/JG/Body/JG5-4.html]
[www.bigd-online.com/JG/Body/JG5-5.html]
[www.bigd-online.com/JG/Body/JG5-6.html]
[www.bigd-online.com/JG/Body/JG6.html]
[www.bigd-online.com/JG/Body/JG6-1.html]
[www.bigd-online.com/JG/Body/JG6-2.html]
[www.bigd-online.com/JG/Body/JG6-3.html]
[www.bigd-online.com/JG/Body/JG7.html]
[www.bigd-online.com/JG/Body/JG8.html]
[www.bigd-online.com/JG/Body/JG8-1.html]
[www.bigd-online.com/JG/Body/JG8-2.html]
[www.bigd-online.com/JG/Body/JG8-3.html]
[www.bigd-online.com/JG/Body/JG9.html]
[www.bigd-online.com/JG/Body/JG9-1.html]
[www.bigd-online.com/JG/Body/JG9-2.html]
[www.bigd-online.com/JG/Body/JG9-3.html]
[www.bigd-online.com/JG/Body/JG9-4.html]
[www.bigd-online.com/JG/Body/JG9-5.html]
[www.bigd-online.com/JG/Body/JG9-6.html]
[www.bigd-online.com/JG/Body/JG9-7.html]
[www.bigd-online.com/JG/Menu/JGMenu.html]
[www.bigd-online.com/JG/Body/JG10.html]
[www.bigd-online.com/JG/Body/JGStart.html]
[www.bigd-online.com/JG/Menu/JGMenuStyle.css]
[www.bigd-online.com/JG/Body/JG1.html]
[www.bigd-online.com/JG/Body/JG1-1.html]
[www.bigd-online.com/JG/Body/JG1-2.html]
[www.bigd-online.com/JG/Body/JG1-3.html]
[www.bigd-online.com/JG/Body/JG1-4.html]
[www.bigd-online.com/JG/Body/JG1-5.html]
[www.bigd-online.com/JG/Body/JG1-6.html]
[www.bigd-online.com/JG/Body/JG2.html]
[www.bigd-online.com/JG/Body/JG2-1.html]
[www.bigd-online.com/JG/Body/JG2-2.html]
[www.bigd-online.com/JG/Body/JG2-3.html]
[www.bigd-online.com/JG/Body/JG2-4.html]
[www.bigd-online.com/JG/Body/JG2-5.html]
[www.bigd-online.com/JG/Body/JG2-6.html]
[www.bigd-online.com/JG/Body/JG2-7.html]
[www.bigd-online.com/JG/Body/JG2-8.html]
[www.bigd-online.com/JG/Body/JG3.html]
[www.bigd-online.com/JG/Body/JG3-1.html]
[www.bigd-online.com/JG/Body/JG3-2.html]
[www.bigd-online.com/JG/Body/JG3-3.html]
[www.bigd-online.com/JG/Body/JG3-4.html]
[www.bigd-online.com/JG/Body/JG3-5.html]
[www.bigd-online.com/JG/Body/JG3-6.html]
[www.bigd-online.com/JG/Body/JG3-7.html]
[www.bigd-online.com/JG/Body/JG3-8.html]
[www.bigd-online.com/JG/Body/JG3-9.html]
[www.bigd-online.com/JG/Body/JG3-10.html]
[www.bigd-online.com/JG/Body/JG3-11.html]
[www.bigd-online.com/JG/Body/JG3-12.html]
[www.bigd-online.com/JG/Body/JG3-13.html]
[www.bigd-online.com/JG/Body/JG4.html]
[www.bigd-online.com/JG/Body/JG4-1.html]
[www.bigd-online.com/JG/Body/JG4-2.html]
[www.bigd-online.com/JG/Body/JG4-3.html]
[www.bigd-online.com/JG/Body/JG5.html]
[www.bigd-online.com/JG/Body/JG5-1.html]
[www.bigd-online.com/JG/Body/JG5-2.html]
[www.bigd-online.com/JG/Body/JG5-3.html]
[www.bigd-online.com/JG/Body/JG5-4.html]
[www.bigd-online.com/JG/Body/JG5-5.html]
[www.bigd-online.com/JG/Body/JG5-6.html]
[www.bigd-online.com/JG/Body/JG6.html]
[www.bigd-online.com/JG/Body/JG6-1.html]
[www.bigd-online.com/JG/Body/JG6-2.html]
[www.bigd-online.com/JG/Body/JG6-3.html]
[www.bigd-online.com/JG/Body/JG7.html]
[www.bigd-online.com/JG/Body/JG8.html]
[www.bigd-online.com/JG/Body/JG8-1.html]
[www.bigd-online.com/JG/Body/JG8-2.html]
[www.bigd-online.com/JG/Body/JG8-3.html]
[www.bigd-online.com/JG/Body/JG9.html]
[www.bigd-online.com/JG/Body/JG9-1.html]
[www.bigd-online.com/JG/Body/JG9-2.html]
[www.bigd-online.com/JG/Body/JG9-3.html]
[www.bigd-online.com/JG/Body/JG9-4.html]
[www.bigd-online.com/JG/Body/JG9-5.html]
[www.bigd-online.com/JG/Body/JG9-6.html]
[www.bigd-online.com/JG/Body/JG9-7.html]
[www.bigd-online.com/JG/Body/Credits.html]
[www.bigd-online.com/JG/Body/JG10.html]
[www.bigd-online.com/JG/Body/JGBodyStyle.css]
[www.bigd-online.com/JG/Body/Credits.html]
